// Jest Snapshot v1, https://goo.gl/fbAQLP

exports[`Test in <CounterApp />  Must match the snapshot 1`] = `
<div>
  <h1>
    CounterApp
  </h1>
  <h2>
     
    100
  </h2>
  <button>
     -1 
  </button>
  <button>
     reset 
  </button>
  <button
    aria-label="btn-reset"
  >
     +1 
  </button>
</div>
`;
