// Jest Snapshot v1, https://goo.gl/fbAQLP

exports[`Tests in <FirstApp /> Must match the snapshot 1`] = `
<div>
  <h1>
    Hi, I am Goku
  </h1>
  <p>
    No hay subt√≠tulo
  </p>
  <p>
    Mauricio Goiz
  </p>
</div>
`;
