// Jest Snapshot v1, https://goo.gl/fbAQLP

exports[`Tests in <FirstApp /> Must match the snapshot  1`] = `
<div>
  <h1
    data-testid="test-title"
  >
     
    Hi, I´m Goku
     
  </h1>
  <p>
    No hay subtítulo
  </p>
  <p>
    No hay subtítulo
  </p>
  <p>
    Mauricio Goiz
  </p>
</div>
`;
